ю

















































































































































































































ш





Using default: 1010450










incorrect checksum


DATA   













































































incorrect checksum









incorrect checksum

incorrect checksum



incorrect checksum

incorrect checksum

incorrect checksum

incorrect checksum

incorrect checksum

incorrect checksum
















































































































ря





Using default: 1010450









incorrect checksum

incorrect checksum








































я 





Using default: 1010450






DATA   

incorrect checksum











incorrect checksum

DATA   































































incorrect checksum


incorrect checksum




incorrect checksum









































































































































































































incorrect checksum




incorrect checksum

incorrect checksum









































































incorrect checksum




incorrect checksum

incorrect checksum












































































































































incorrect checksum



incorrect checksum

incorrect checksum



























incorrect checksum


incorrect checksum

incorrect checksum

incorrect checksum


incorrect checksum

incorrect checksum










incorrect checksum

incorrect checksum





















































































incorrect checksum



































incorrect checksum

incorrect checksum

incorrect checksum

incorrect checksum

incorrect checksum

incorrect checksum

incorrect checksum









incorrect checksum

incorrect checksum






incorrect checksum

incorrect checksum



incorrect checksum

incorrect checksum






















incorrect checksum

incorrect checksum


























































